[0m16:56:56.286625 [debug] [MainThread]: Sending event: {'category': 'dbt', 'action': 'invocation', 'label': 'start', 'context': [<snowplow_tracker.self_describing_json.SelfDescribingJson object at 0x71d1d11f09e0>, <snowplow_tracker.self_describing_json.SelfDescribingJson object at 0x71d1cf6cdc10>, <snowplow_tracker.self_describing_json.SelfDescribingJson object at 0x71d1d1daee40>]}
[0m16:56:56.288840 [debug] [MainThread]: An error was encountered while trying to send an event


============================== 16:56:56.289131 | 4753e821-1468-4081-bc7a-6a3cd1ad23c3 ==============================
[0m16:56:56.289131 [info ] [MainThread]: Running with dbt=1.10.11
[0m16:56:56.289516 [debug] [MainThread]: running dbt with arguments {'empty': 'None', 'use_experimental_parser': 'False', 'log_format': 'default', 'quiet': 'False', 'warn_error': 'None', 'send_anonymous_usage_stats': 'True', 'target_path': 'None', 'use_colors': 'True', 'profiles_dir': '/home/rafael/.dbt', 'log_cache_events': 'False', 'log_path': 'logs', 'static_parser': 'True', 'warn_error_options': 'WarnErrorOptionsV2(error=[], warn=[], silence=[])', 'debug': 'False', 'write_json': 'True', 'indirect_selection': 'eager', 'invocation_command': 'dbt debug', 'introspect': 'True', 'no_print': 'None', 'version_check': 'True', 'fail_fast': 'False', 'partial_parse': 'True', 'printer_width': '80', 'cache_selected_only': 'False'}
[0m16:56:56.296037 [info ] [MainThread]: dbt version: 1.10.11
[0m16:56:56.296383 [info ] [MainThread]: python version: 3.12.3
[0m16:56:56.296645 [info ] [MainThread]: python path: /home/rafael/Documents/dbt/bin/python3
[0m16:56:56.296994 [info ] [MainThread]: os info: Linux-6.14.0-29-generic-x86_64-with-glibc2.39
[0m16:56:56.886633 [info ] [MainThread]: Error importing adapter: No module named 'dbt.adapters.sqlite'
[0m16:56:56.964981 [info ] [MainThread]: Using profiles dir at /home/rafael/.dbt
[0m16:56:56.965414 [info ] [MainThread]: Using profiles.yml file at /home/rafael/.dbt/profiles.yml
[0m16:56:56.965738 [info ] [MainThread]: Using dbt_project.yml file at /home/rafael/Documents/banksphere/ingestion/dbt_project.yml
[0m16:56:56.966089 [info ] [MainThread]: Configuration:
[0m16:56:56.966450 [info ] [MainThread]:   profiles.yml file [[31mERROR invalid[0m]
[0m16:56:56.966823 [info ] [MainThread]:   dbt_project.yml file [[31mERROR not found[0m]
[0m16:56:56.967183 [info ] [MainThread]: Required dependencies:
[0m16:56:56.967565 [debug] [MainThread]: Executing "git --help"
[0m16:56:56.969214 [debug] [MainThread]: STDOUT: "b"usage: git [-v | --version] [-h | --help] [-C <path>] [-c <name>=<value>]\n           [--exec-path[=<path>]] [--html-path] [--man-path] [--info-path]\n           [-p | --paginate | -P | --no-pager] [--no-replace-objects] [--bare]\n           [--git-dir=<path>] [--work-tree=<path>] [--namespace=<name>]\n           [--config-env=<name>=<envvar>] <command> [<args>]\n\nThese are common Git commands used in various situations:\n\nstart a working area (see also: git help tutorial)\n   clone     Clone a repository into a new directory\n   init      Create an empty Git repository or reinitialise an existing one\n\nwork on the current change (see also: git help everyday)\n   add       Add file contents to the index\n   mv        Move or rename a file, a directory, or a symlink\n   restore   Restore working tree files\n   rm        Remove files from the working tree and from the index\n\nexamine the history and state (see also: git help revisions)\n   bisect    Use binary search to find the commit that introduced a bug\n   diff      Show changes between commits, commit and working tree, etc\n   grep      Print lines matching a pattern\n   log       Show commit logs\n   show      Show various types of objects\n   status    Show the working tree status\n\ngrow, mark and tweak your common history\n   branch    List, create, or delete branches\n   commit    Record changes to the repository\n   merge     Join two or more development histories together\n   rebase    Reapply commits on top of another base tip\n   reset     Reset current HEAD to the specified state\n   switch    Switch branches\n   tag       Create, list, delete or verify a tag object signed with GPG\n\ncollaborate (see also: git help workflows)\n   fetch     Download objects and refs from another repository\n   pull      Fetch from and integrate with another repository or a local branch\n   push      Update remote refs along with associated objects\n\n'git help -a' and 'git help -g' list available subcommands and some\nconcept guides. See 'git help <command>' or 'git help <concept>'\nto read about a specific subcommand or concept.\nSee 'git help git' for an overview of the system.\n""
[0m16:56:56.969553 [debug] [MainThread]: STDERR: "b''"
[0m16:56:56.969810 [info ] [MainThread]:  - git [[32mOK found[0m]

[0m16:56:56.970077 [info ] [MainThread]: Connection test skipped since no profile was found
[0m16:56:56.970364 [info ] [MainThread]: [31m2 checks failed:[0m
[0m16:56:56.970608 [info ] [MainThread]: Could not load dbt_project.yml
Profile loading failed for the following reason:
Runtime Error
  Credentials in profile "dwh_workshop", target "dev" invalid: Runtime Error
    Could not find adapter type sqlite!


[0m16:56:56.970857 [info ] [MainThread]: Project loading failed for the following reason:
 project path </home/rafael/Documents/banksphere/ingestion/dbt_project.yml> not found

[0m16:56:56.971482 [debug] [MainThread]: Resource report: {"command_name": "debug", "command_success": false, "command_wall_clock_time": 0.7270323, "process_in_blocks": "96272", "process_kernel_time": 0.131366, "process_mem_max_rss": "179784", "process_out_blocks": "16", "process_user_time": 1.726821}
[0m16:56:56.972032 [debug] [MainThread]: Command `dbt debug` failed at 16:56:56.971956 after 0.73 seconds
[0m16:56:56.972325 [debug] [MainThread]: Sending event: {'category': 'dbt', 'action': 'invocation', 'label': 'end', 'context': [<snowplow_tracker.self_describing_json.SelfDescribingJson object at 0x71d1cf441430>, <snowplow_tracker.self_describing_json.SelfDescribingJson object at 0x71d1bffdad20>, <snowplow_tracker.self_describing_json.SelfDescribingJson object at 0x71d1cfc1e840>]}
[0m16:56:56.972601 [debug] [MainThread]: An error was encountered while trying to send an event
[0m16:56:56.972868 [debug] [MainThread]: Flushing usage events
